[colorlib.com/preview/theme/spring/index.html]
[backblue.gif]
[fade.gif]
[index.html]
[colorlib.com/preview/theme/spring/css/open-iconic-bootstrap.min.css]
[colorlib.com/preview/theme/spring/css/animate.css]
[colorlib.com/preview/theme/spring/css/owl.carousel.min.css]
[colorlib.com/preview/theme/spring/css/owl.theme.default.min.css]
[colorlib.com/preview/theme/spring/css/magnific-popup.css]
[colorlib.com/preview/theme/spring/css/aos.css]
[colorlib.com/preview/theme/spring/css/ionicons.min.css]
[colorlib.com/preview/theme/spring/css/bootstrap-datepicker.css]
[colorlib.com/preview/theme/spring/css/flaticon.css]
[colorlib.com/preview/theme/spring/css/jquery.timepicker.css]
[colorlib.com/preview/theme/spring/css/icomoon.css]
[colorlib.com/preview/theme/spring/css/style.css]
[colorlib.com/preview/theme/spring/ministry.html]
[colorlib.com/preview/theme/spring/sermons.html]
[colorlib.com/preview/theme/spring/about.html]
[colorlib.com/preview/theme/spring/events.html]
[colorlib.com/preview/theme/spring/blog.html]
[colorlib.com/preview/theme/spring/images/bg_1.jpg]
[colorlib.com/preview/theme/spring/contact.html]
[colorlib.com/preview/theme/spring/images/bg_4.jpg]
[colorlib.com/preview/theme/spring/images/sermon-1.jpg]
[colorlib.com/preview/theme/spring/sermon.16.delayed]
[colorlib.com/preview/theme/spring/images/about.jpg]
[colorlib.com/preview/theme/spring/images/about-2.jpg]
[colorlib.com/preview/theme/spring/images/bg_3.jpg]
[colorlib.com/preview/theme/spring/images/person_1.jpg]
[colorlib.com/preview/theme/spring/images/person_2.jpg]
[colorlib.com/preview/theme/spring/images/person_3.jpg]
[colorlib.com/preview/theme/spring/images/person_4.jpg]
[colorlib.com/preview/theme/spring/images/sermon-2.jpg]
[colorlib.com/preview/theme/spring/images/event-1.jpg]
[colorlib.com/preview/theme/spring/blog-single.html]
[colorlib.com/preview/theme/spring/images/image_1.jpg]
[colorlib.com/preview/theme/spring/images/image_2.jpg]
[colorlib.com/preview/theme/spring/images/image_3.jpg]
[colorlib.com/preview/theme/spring/images/image_4.jpg]
[colorlib.com/preview/theme/spring/js/jquery-migrate-3.0.1.min.js]
[colorlib.com/preview/theme/spring/js/popper.min.js]
[colorlib.com/preview/theme/spring/js/jquery.min.js]
[colorlib.com/preview/theme/spring/js/bootstrap.min.js]
[colorlib.com/preview/theme/spring/js/jquery.easing.1.3.js]
[colorlib.com/preview/theme/spring/js/jquery.waypoints.min.js]
[colorlib.com/preview/theme/spring/js/jquery.stellar.min.js]
[colorlib.com/preview/theme/spring/js/jquery.magnific-popup.min.js]
[colorlib.com/preview/theme/spring/js/owl.carousel.min.js]
[colorlib.com/preview/theme/spring/js/aos.js]
[colorlib.com/preview/theme/spring/js/jquery.animateNumber.min.js]
[colorlib.com/preview/theme/spring/js/bootstrap-datepicker.js]
[colorlib.com/preview/theme/spring/js/jquery.timepicker.min.js]
[colorlib.com/preview/theme/spring/js/scrollax.min.js]
[colorlib.com/preview/theme/spring/js/google-map.js]
[colorlib.com/preview/theme/spring/js/main.js]
[colorlib.com/preview/theme/spring/index.html]
[ajax.cloudflare.com/cdn-cgi/scripts/7089c43e/cloudflare-static/rocket-loader.min.js]
[colorlib.com/preview/theme/spring/fonts/open-iconic/open-iconic.eot]
[colorlib.com/preview/theme/spring/fonts/open-iconic/open-iconicd41d.eot]
[colorlib.com/preview/theme/spring/fonts/open-iconic/open-iconic.woff]
[colorlib.com/preview/theme/spring/fonts/open-iconic/open-iconic.ttf]
[colorlib.com/preview/theme/spring/fonts/open-iconic/open-iconic.otf]
[colorlib.com/preview/theme/spring/css/open-iconic-bootstrap.min.css]
[colorlib.com/preview/theme/spring/css/animate.css]
[colorlib.com/preview/theme/spring/fonts/open-iconic/open-iconic.svg]
[colorlib.com/preview/theme/spring/css/owl.video.play.png]
[colorlib.com/preview/theme/spring/css/owl.carousel.min.css]
[colorlib.com/preview/theme/spring/css/owl.theme.default.min.css]
[colorlib.com/preview/theme/spring/css/magnific-popup.css]
[colorlib.com/preview/theme/spring/css/aos.css]
[colorlib.com/preview/theme/spring/fonts/ionicons/fonts/ionicons580c.eot]
[colorlib.com/preview/theme/spring/fonts/ionicons/fonts/ionicons580c.woff2]
[colorlib.com/preview/theme/spring/fonts/ionicons/fonts/ionicons580c.woff]
[colorlib.com/preview/theme/spring/css/ionicons.min.css]
[colorlib.com/preview/theme/spring/css/bootstrap-datepicker.css]
[colorlib.com/preview/theme/spring/css/jquery.timepicker.css]
[colorlib.com/preview/theme/spring/fonts/ionicons/fonts/ionicons580c.ttf]
[colorlib.com/preview/theme/spring/fonts/flaticon/font/Flaticon.eot]
[colorlib.com/preview/theme/spring/fonts/flaticon/font/Flaticond41d.eot]
[colorlib.com/preview/theme/spring/fonts/ionicons/fonts/ionicons580c.svg]
[colorlib.com/preview/theme/spring/fonts/flaticon/font/Flaticon.woff]
[colorlib.com/preview/theme/spring/css/flaticon.css]
[colorlib.com/preview/theme/spring/fonts/flaticon/font/Flaticon.svg]
[colorlib.com/preview/theme/spring/fonts/flaticon/font/Flaticon.ttf]
[colorlib.com/preview/theme/spring/fonts/icomoon/icomoonccfb.eot]
[colorlib.com/preview/theme/spring/css/icomoon.css]
[colorlib.com/preview/theme/spring/css/style.css]
[colorlib.com/preview/theme/spring/fonts/icomoon/icomoonccfb.ttf]
[colorlib.com/preview/theme/spring/fonts/icomoon/icomoonccfb.woff]
[colorlib.com/preview/theme/spring/images/bg_2.jpg]
[colorlib.com/preview/theme/spring/about.html]
[colorlib.com/preview/theme/spring/ministry.html]
[colorlib.com/preview/theme/spring/images/sermon-3.jpg]
[colorlib.com/preview/theme/spring/images/sermon-4.jpg]
[colorlib.com/preview/theme/spring/images/sermon-5.jpg]
[colorlib.com/preview/theme/spring/images/sermon-6.jpg]
[colorlib.com/preview/theme/spring/sermons.html]
[colorlib.com/preview/theme/spring/images/event-2.jpg]
[colorlib.com/preview/theme/spring/images/event-3.jpg]
[colorlib.com/preview/theme/spring/fonts/icomoon/icomoonccfb.svg]
[colorlib.com/preview/theme/spring/images/event-4.jpg]
[colorlib.com/preview/theme/spring/images/event-5.jpg]
[colorlib.com/preview/theme/spring/images/event-6.jpg]
[colorlib.com/preview/theme/spring/events.html]
[colorlib.com/preview/theme/spring/images/image_5.jpg]
[colorlib.com/preview/theme/spring/images/image_6.jpg]
[colorlib.com/preview/theme/spring/blog.html]
[colorlib.com/preview/theme/spring/contact.html]
[colorlib.com/preview/theme/spring/sermon.html]
[colorlib.com/preview/theme/spring/blog-single.html]
[colorlib.com/preview/theme/spring/js/jquery.timepicker.min.html]
[colorlib.com/preview/theme/spring/fonts/open-iconic/open-iconic.svg]
[colorlib.com/preview/theme/spring/css/owl.video.play.html]
[colorlib.com/cdn-cgi/scripts/5c5dd728/cloudflare-static/email-decode.min.js]
[colorlib.com/preview/theme/spring/fonts/ionicons/fonts/ionicons580c.svg]
[colorlib.com/preview/theme/spring/fonts/flaticon/font/Flaticon.svg]
[colorlib.com/preview/theme/spring/fonts/icomoon/icomoonccfb.svg]
